
> my-v0-project@0.1.0 build
> next build

node.exe : [baseline-brows
er-mapping] The data in 
this module is over two 
months old.  To ensure 
accurate Baseline data, 
please update: `npm i base
line-browser-mapping@lates
t -D`
At line:1 char:1
+ & "C:\Program 
Files\nodejs/node.exe" 
"C:\Program 
Files\nodejs/node_mo ...
+ ~~~~~~~~~~~~~~~~~~~~~~~~
~~~~~~~~~~~~~~~~~~~~~~~~~~
~~~~~~~~~~~~~~~~~~~
    + CategoryInfo        
      : NotSpecified: ([  
  baseline-brows...ping   
 @latest -D`:String) [    
], RemoteException
    + FullyQualifiedError 
   Id : NativeCommandErr  
  or
 
 ΓÜá Warning: Next.js 
inferred your workspace 
root, but it may not be 
correct.
 We detected multiple 
lockfiles and selected 
the directory of 
C:\Users\ABHEEK 
KANTH\package-lock.json 
as the root directory.
 To silence this warning, 
set `turbopack.root` in 
your Next.js config, or 
consider removing one of 
the lockfiles if it's not 
needed.
   See https://nextjs.org/
docs/app/api-reference/con
fig/next-config-js/turbopa
ck#root-directory for 
more information.
 Detected additional 
lockfiles: 
   * C:\Users\ABHEEK KANTH
\OneDrive\Desktop\ZCU 
website code\zcu-website\p
npm-lock.yaml

   Γû▓ Next.js 16.0.10 (Turbopack)

   Creating an optimized production build ...
[baseline-browser-mapping]
 The data in this module 
is over two months old.  
To ensure accurate 
Baseline data, please 
update: `npm i baseline-br
owser-mapping@latest -D`

> Build error occurred
Error: Turbopack build 
failed with 2 errors:
./OneDrive/Desktop/ZCU 
website code/zcu-website/a
pp/api/auth/[...nextauth]/
route.ts:1:1
Module not found: Can't 
resolve 'next-auth'
[0m[31m[1m>[22m[39m[
90m 1 |[39m 
[36mimport[39m 
[33mNextAuth[39m 
[36mfrom[39m 
[32m"next-auth"[39m
 [90m   |[39m [31m[1m^
[22m[39m[31m[1m^[22m
[39m[31m[1m^[22m[39m[
31m[1m^[22m[39m[31m[1
m^[22m[39m[31m[1m^[22
m[39m[31m[1m^[22m[39m
[31m[1m^[22m[39m[31m
[1m^[22m[39m[31m[1m^[
22m[39m[31m[1m^[22m[3
9m[31m[1m^[22m[39m[31
m[1m^[22m[39m[31m[1m^
[22m[39m[31m[1m^[22m
[39m[31m[1m^[22m[39m[
31m[1m^[22m[39m[31m[1
m^[22m[39m[31m[1m^[22
m[39m[31m[1m^[22m[39m
[31m[1m^[22m[39m[31m
[1m^[22m[39m[31m[1m^[
22m[39m[31m[1m^[22m[3
9m[31m[1m^[22m[39m[31
m[1m^[22m[39m[31m[1m^
[22m[39m[31m[1m^[22m
[39m[31m[1m^[22m[39m[
31m[1m^[22m[39m[31m[1
m^[22m[39m[31m[1m^[22
m[39m
 [90m 2 |[39m 
[36mimport[39m 
[33mGoogleProvider[39m 
[36mfrom[39m [32m"next-
auth/providers/google"[39
m
 [90m 3 |[39m 
[36mimport[39m { 
findOrCreateGoogleUser } 
[36mfrom[39m 
[32m"@/lib/userDb"[39m
 [90m 4 |[39m[0m



https://nextjs.org/docs/me
ssages/module-not-found


./OneDrive/Desktop/ZCU 
website code/zcu-website/a
pp/api/auth/[...nextauth]/
route.ts:2:1
Module not found: Can't 
resolve 'next-auth/provide
rs/google'
[0m [90m 1 |[39m 
[36mimport[39m 
[33mNextAuth[39m 
[36mfrom[39m 
[32m"next-auth"[39m
[31m[1m>[22m[39m[90m 
2 |[39m [36mimport[39m 
[33mGoogleProvider[39m 
[36mfrom[39m [32m"next-
auth/providers/google"[39
m
 [90m   |[39m [31m[1m^
[22m[39m[31m[1m^[22m
[39m[31m[1m^[22m[39m[
31m[1m^[22m[39m[31m[1
m^[22m[39m[31m[1m^[22
m[39m[31m[1m^[22m[39m
[31m[1m^[22m[39m[31m
[1m^[22m[39m[31m[1m^[
22m[39m[31m[1m^[22m[3
9m[31m[1m^[22m[39m[31
m[1m^[22m[39m[31m[1m^
[22m[39m[31m[1m^[22m
[39m[31m[1m^[22m[39m[
31m[1m^[22m[39m[31m[1
m^[22m[39m[31m[1m^[22
m[39m[31m[1m^[22m[39m
[31m[1m^[22m[39m[31m
[1m^[22m[39m[31m[1m^[
22m[39m[31m[1m^[22m[3
9m[31m[1m^[22m[39m[31
m[1m^[22m[39m[31m[1m^
[22m[39m[31m[1m^[22m
[39m[31m[1m^[22m[39m[
31m[1m^[22m[39m[31m[1
m^[22m[39m[31m[1m^[22
m[39m[31m[1m^[22m[39m
[31m[1m^[22m[39m[31m
[1m^[22m[39m[31m[1m^[
22m[39m[31m[1m^[22m[3
9m[31m[1m^[22m[39m[31
m[1m^[22m[39m[31m[1m^
[22m[39m[31m[1m^[22m
[39m[31m[1m^[22m[39m[
31m[1m^[22m[39m[31m[1
m^[22m[39m[31m[1m^[22
m[39m[31m[1m^[22m[39m
[31m[1m^[22m[39m[31m
[1m^[22m[39m[31m[1m^[
22m[39m[31m[1m^[22m[3
9m[31m[1m^[22m[39m[31
m[1m^[22m[39m[31m[1m^
[22m[39m[31m[1m^[22m
[39m[31m[1m^[22m[39m
 [90m 3 |[39m 
[36mimport[39m { 
findOrCreateGoogleUser } 
[36mfrom[39m 
[32m"@/lib/userDb"[39m
 [90m 4 |[39m
 [90m 5 |[39m 
[36mconst[39m handler 
[33m=[39m 
[33mNextAuth[39m({[0m



https://nextjs.org/docs/me
ssages/module-not-found


    at <unknown> 
(./OneDrive/Desktop/ZCU 
website code/zcu-website/a
pp/api/auth/[...nextauth]/
route.ts:1:1)
    at <unknown> (https://
nextjs.org/docs/messages/m
odule-not-found)
    at <unknown> 
(./OneDrive/Desktop/ZCU 
website code/zcu-website/a
pp/api/auth/[...nextauth]/
route.ts:2:1)
    at <unknown> (https://
nextjs.org/docs/messages/m
odule-not-found)
